I'm sorry, but errors were detected in your script. Please correct the
errors listed below, and try again.


File "game/C_Ebb.rpy", line 1: expected statement.
    Господиномlabel Ebb_meet:
                            ^

File "game/C_Hakan.rpy", line 632: expecting name after dot.
    "Первая выпивка проходит без особого веселья".
                                                  ^

File "game/C_Hakan.rpy", line 646: end of line expected.
    h "Бу... Бу... Эйз. Мы должны стать знаменитостями".
                                                       ^

Ren'Py Version: Ren'Py 7.4.4.1439
Tue Apr 20 13:26:31 2021
